# Partitioning Tools (Công cụ phân vùng )

- Công cụ phân vùng dòng lệnh phổ biến nhất là tiện ích fdisk. Chương trình fdisk cho phép bạn tạo, xem, xóa và sửa đổi phân vùng trên bất kỳ ổ đĩa nào sử dụng phương pháp lập chỉ mục phân vùng MBR.

## Liệt Kê Các Phân Vùng ``fdisk``

```
[root@localhost ~]# fdisk -l /dev/sda

Disk /dev/sda: 42.9 GB, 42949672960 bytes, 83886080 sectors
Units = sectors of 1 * 512 = 512 bytes
Sector size (logical/physical): 512 bytes / 512 bytes
I/O size (minimum/optimal): 512 bytes / 512 bytes
Disk label type: dos
Disk identifier: 0x000e762e

   Device Boot      Start         End      Blocks   Id  System
/dev/sda1   *        2048     2099199     1048576   83  Linux
/dev/sda2         2099200     4196351     1048576   82  Linux swap / Solaris
/dev/sda3         4196352    83886079    39844864   83  Linux
```

- MBR không thể xử lý ổ đĩa có dung lượng lớn hơn 2TB, chỉ hỗ trợ 4 phân vùng chính.

## Sử dụng lệnh ``gdisk`` để tạo, sửa, xóa các phân vùng.

```
[root@localhost ~]# gdisk /dev/vdb
GPT fdisk (gdisk) version 0.8.10

Partition table scan:
  MBR: not present
  BSD: not present
  APM: not present
  GPT: not present

Creating new GPT entries.

Command (? for help): n
Partition number (1-128, default 1): 1
First sector (34-62914526, default = 2048) or {+-}size{KMGTP}: +5G
Last sector (10487808-62914526, default = 62914526) or {+-}size{KMGTP}: +5G
Current type is 'Linux filesystem'
Hex code or GUID (L to show codes, Enter = 8300):
Changed type of partition to 'Linux filesystem'

Command (? for help): w

Final checks complete. About to write GPT data. THIS WILL OVERWRITE EXISTING
PARTITIONS!!

Do you want to proceed? (Y/N): y
OK; writing new GUID partition table (GPT) to /dev/vdb.
The operation has completed successfully.
```

- GPT cho phép lên đến 128 phân vùng, Kích thước giới hạn phụ thuộc vào hệ điều hành và hệ thống tập tin của hệ điều hành.

### The GNU parted Command
Lệnh ``parted`` cũng cho phép tạo, và quản lý các phân vùng. Nó cho phép tạo nhiều loại label như: aix, amiga, bsd, dvh, gpt, mac, msdos, pc98, sun, loop.
